train_blood/13308_right_h.tif  train_blood/13308_right_h.tif
train_blood/13819_right_h.tif  train_blood/13819_right_h.tif
train_blood/1639_right_h.tif   train_blood/1639_right_h.tif
train_blood/1663_left_h.tif    train_blood/1663_left_h.tif
train_blood/1663_right_h.tif   train_blood/1663_right_h.tif
train_blood/1743_left_h.tif    train_blood/1743_left_h.tif
train_blood/18465_left_h.tif   train_blood/18465_left_h.tif
train_blood/1873_right_h.tif   train_blood/1873_right_h.tif
train_blood/19367_right_h.tif  train_blood/19367_right_h.tif
train_blood/1965_right_h.tif   train_blood/1965_right_h.tif
train_blood/20478_right_h.tif  train_blood/20478_right_h.tif
train_blood/20905_right_h.tif  train_blood/20905_right_h.tif
train_blood/2094_left_h.tif    train_blood/2094_left_h.tif
train_blood/2168_left_h.tif    train_blood/2168_left_h.tif
train_blood/22132_left_h.tif   train_blood/22132_left_h.tif
train_blood/22160_right_h.tif  train_blood/22160_right_h.tif
train_blood/2233_right_h.tif   train_blood/2233_right_h.tif
train_blood/23538_left_h.tif   train_blood/23538_left_h.tif
train_blood/2804_right_h.tif   train_blood/2804_right_h.tif
train_blood/31196_left_h.tif   train_blood/31196_left_h.tif
train_blood/3265_right_h.tif   train_blood/3265_right_h.tif
train_blood/34453_right_h.tif  train_blood/34453_right_h.tif
train_blood/3682_right_h.tif   train_blood/3682_right_h.tif
train_blood/43199_left_h.tif   train_blood/43199_left_h.tif
train_blood/43339_left_h.tif   train_blood/43339_left_h.tif
train_blood/4497_right_h.tif   train_blood/4497_right_h.tif
train_blood/4781_left_h.tif    train_blood/4781_left_h.tif
train_blood/5047_left_h.tif    train_blood/5047_left_h.tif
train_blood/5063_right_h.tif   train_blood/5063_right_h.tif
train_blood/5457_left_h.tif    train_blood/5457_left_h.tif
train_blood/607_left_h.tif     train_blood/607_left_h.tif
train_blood/8769_right_h.tif   train_blood/8769_right_h.tif
train_blood_90/13308_right_h.tif  train_blood_90/13308_right_h.tif
train_blood_90/13819_right_h.tif  train_blood_90/13819_right_h.tif
train_blood_90/1639_right_h.tif   train_blood_90/1639_right_h.tif
train_blood_90/1663_left_h.tif    train_blood_90/1663_left_h.tif
train_blood_90/1663_right_h.tif   train_blood_90/1663_right_h.tif
train_blood_90/1743_left_h.tif    train_blood_90/1743_left_h.tif
train_blood_90/18465_left_h.tif   train_blood_90/18465_left_h.tif
train_blood_90/1873_right_h.tif   train_blood_90/1873_right_h.tif
train_blood_90/19367_right_h.tif  train_blood_90/19367_right_h.tif
train_blood_90/1965_right_h.tif   train_blood_90/1965_right_h.tif
train_blood_90/20478_right_h.tif  train_blood_90/20478_right_h.tif
train_blood_90/20905_right_h.tif  train_blood_90/20905_right_h.tif
train_blood_90/2094_left_h.tif    train_blood_90/2094_left_h.tif
train_blood_90/2168_left_h.tif    train_blood_90/2168_left_h.tif
train_blood_90/22132_left_h.tif   train_blood_90/22132_left_h.tif
train_blood_90/22160_right_h.tif  train_blood_90/22160_right_h.tif
train_blood_90/2233_right_h.tif   train_blood_90/2233_right_h.tif
train_blood_90/23538_left_h.tif   train_blood_90/23538_left_h.tif
train_blood_90/2804_right_h.tif   train_blood_90/2804_right_h.tif
train_blood_90/31196_left_h.tif   train_blood_90/31196_left_h.tif
train_blood_90/3265_right_h.tif   train_blood_90/3265_right_h.tif
train_blood_90/34453_right_h.tif  train_blood_90/34453_right_h.tif
train_blood_90/3682_right_h.tif   train_blood_90/3682_right_h.tif
train_blood_90/43199_left_h.tif   train_blood_90/43199_left_h.tif
train_blood_90/43339_left_h.tif   train_blood_90/43339_left_h.tif
train_blood_90/4497_right_h.tif   train_blood_90/4497_right_h.tif
train_blood_90/4781_left_h.tif    train_blood_90/4781_left_h.tif
train_blood_90/5047_left_h.tif    train_blood_90/5047_left_h.tif
train_blood_90/5063_right_h.tif   train_blood_90/5063_right_h.tif
train_blood_90/5457_left_h.tif    train_blood_90/5457_left_h.tif
train_blood_90/607_left_h.tif     train_blood_90/607_left_h.tif
train_blood_90/8769_right_h.tif   train_blood_90/8769_right_h.tif
train_blood_180/13308_right_h.tif  train_blood_180/13308_right_h.tif
train_blood_180/13819_right_h.tif  train_blood_180/13819_right_h.tif
train_blood_180/1639_right_h.tif   train_blood_180/1639_right_h.tif
train_blood_180/1663_left_h.tif    train_blood_180/1663_left_h.tif
train_blood_180/1663_right_h.tif   train_blood_180/1663_right_h.tif
train_blood_180/1743_left_h.tif    train_blood_180/1743_left_h.tif
train_blood_180/18465_left_h.tif   train_blood_180/18465_left_h.tif
train_blood_180/1873_right_h.tif   train_blood_180/1873_right_h.tif
train_blood_180/19367_right_h.tif  train_blood_180/19367_right_h.tif
train_blood_180/1965_right_h.tif   train_blood_180/1965_right_h.tif
train_blood_180/20478_right_h.tif  train_blood_180/20478_right_h.tif
train_blood_180/20905_right_h.tif  train_blood_180/20905_right_h.tif
train_blood_180/2094_left_h.tif    train_blood_180/2094_left_h.tif
train_blood_180/2168_left_h.tif    train_blood_180/2168_left_h.tif
train_blood_180/22132_left_h.tif   train_blood_180/22132_left_h.tif
train_blood_180/22160_right_h.tif  train_blood_180/22160_right_h.tif
train_blood_180/2233_right_h.tif   train_blood_180/2233_right_h.tif
train_blood_180/23538_left_h.tif   train_blood_180/23538_left_h.tif
train_blood_180/2804_right_h.tif   train_blood_180/2804_right_h.tif
train_blood_180/31196_left_h.tif   train_blood_180/31196_left_h.tif
train_blood_180/3265_right_h.tif   train_blood_180/3265_right_h.tif
train_blood_180/34453_right_h.tif  train_blood_180/34453_right_h.tif
train_blood_180/3682_right_h.tif   train_blood_180/3682_right_h.tif
train_blood_180/43199_left_h.tif   train_blood_180/43199_left_h.tif
train_blood_180/43339_left_h.tif   train_blood_180/43339_left_h.tif
train_blood_180/4497_right_h.tif   train_blood_180/4497_right_h.tif
train_blood_180/4781_left_h.tif    train_blood_180/4781_left_h.tif
train_blood_180/5047_left_h.tif    train_blood_180/5047_left_h.tif
train_blood_180/5063_right_h.tif   train_blood_180/5063_right_h.tif
train_blood_180/5457_left_h.tif    train_blood_180/5457_left_h.tif
train_blood_180/607_left_h.tif     train_blood_180/607_left_h.tif
train_blood_180/8769_right_h.tif   train_blood_180/8769_right_h.tif
train_blood_270/13308_right_h.tif  train_blood_270/13308_right_h.tif
train_blood_270/13819_right_h.tif  train_blood_270/13819_right_h.tif
train_blood_270/1639_right_h.tif   train_blood_270/1639_right_h.tif
train_blood_270/1663_left_h.tif    train_blood_270/1663_left_h.tif
train_blood_270/1663_right_h.tif   train_blood_270/1663_right_h.tif
train_blood_270/1743_left_h.tif    train_blood_270/1743_left_h.tif
train_blood_270/18465_left_h.tif   train_blood_270/18465_left_h.tif
train_blood_270/1873_right_h.tif   train_blood_270/1873_right_h.tif
train_blood_270/19367_right_h.tif  train_blood_270/19367_right_h.tif
train_blood_270/1965_right_h.tif   train_blood_270/1965_right_h.tif
train_blood_270/20478_right_h.tif  train_blood_270/20478_right_h.tif
train_blood_270/20905_right_h.tif  train_blood_270/20905_right_h.tif
train_blood_270/2094_left_h.tif    train_blood_270/2094_left_h.tif
train_blood_270/2168_left_h.tif    train_blood_270/2168_left_h.tif
train_blood_270/22132_left_h.tif   train_blood_270/22132_left_h.tif
train_blood_270/22160_right_h.tif  train_blood_270/22160_right_h.tif
train_blood_270/2233_right_h.tif   train_blood_270/2233_right_h.tif
train_blood_270/23538_left_h.tif   train_blood_270/23538_left_h.tif
train_blood_270/2804_right_h.tif   train_blood_270/2804_right_h.tif
train_blood_270/31196_left_h.tif   train_blood_270/31196_left_h.tif
train_blood_270/3265_right_h.tif   train_blood_270/3265_right_h.tif
train_blood_270/34453_right_h.tif  train_blood_270/34453_right_h.tif
train_blood_270/3682_right_h.tif   train_blood_270/3682_right_h.tif
train_blood_270/43199_left_h.tif   train_blood_270/43199_left_h.tif
train_blood_270/43339_left_h.tif   train_blood_270/43339_left_h.tif
train_blood_270/4497_right_h.tif   train_blood_270/4497_right_h.tif
train_blood_270/4781_left_h.tif    train_blood_270/4781_left_h.tif
train_blood_270/5047_left_h.tif    train_blood_270/5047_left_h.tif
train_blood_270/5063_right_h.tif   train_blood_270/5063_right_h.tif
train_blood_270/5457_left_h.tif    train_blood_270/5457_left_h.tif
train_blood_270/607_left_h.tif     train_blood_270/607_left_h.tif
train_blood_270/8769_right_h.tif   train_blood_270/8769_right_h.tif
train_blood_mirror1/13308_right_h.tif  train_blood_mirror1/13308_right_h.tif
train_blood_mirror1/13819_right_h.tif  train_blood_mirror1/13819_right_h.tif
train_blood_mirror1/1639_right_h.tif   train_blood_mirror1/1639_right_h.tif
train_blood_mirror1/1663_left_h.tif    train_blood_mirror1/1663_left_h.tif
train_blood_mirror1/1663_right_h.tif   train_blood_mirror1/1663_right_h.tif
train_blood_mirror1/1743_left_h.tif    train_blood_mirror1/1743_left_h.tif
train_blood_mirror1/18465_left_h.tif   train_blood_mirror1/18465_left_h.tif
train_blood_mirror1/1873_right_h.tif   train_blood_mirror1/1873_right_h.tif
train_blood_mirror1/19367_right_h.tif  train_blood_mirror1/19367_right_h.tif
train_blood_mirror1/1965_right_h.tif   train_blood_mirror1/1965_right_h.tif
train_blood_mirror1/20478_right_h.tif  train_blood_mirror1/20478_right_h.tif
train_blood_mirror1/20905_right_h.tif  train_blood_mirror1/20905_right_h.tif
train_blood_mirror1/2094_left_h.tif    train_blood_mirror1/2094_left_h.tif
train_blood_mirror1/2168_left_h.tif    train_blood_mirror1/2168_left_h.tif
train_blood_mirror1/22132_left_h.tif   train_blood_mirror1/22132_left_h.tif
train_blood_mirror1/22160_right_h.tif  train_blood_mirror1/22160_right_h.tif
train_blood_mirror1/2233_right_h.tif   train_blood_mirror1/2233_right_h.tif
train_blood_mirror1/23538_left_h.tif   train_blood_mirror1/23538_left_h.tif
train_blood_mirror1/2804_right_h.tif   train_blood_mirror1/2804_right_h.tif
train_blood_mirror1/31196_left_h.tif   train_blood_mirror1/31196_left_h.tif
train_blood_mirror1/3265_right_h.tif   train_blood_mirror1/3265_right_h.tif
train_blood_mirror1/34453_right_h.tif  train_blood_mirror1/34453_right_h.tif
train_blood_mirror1/3682_right_h.tif   train_blood_mirror1/3682_right_h.tif
train_blood_mirror1/43199_left_h.tif   train_blood_mirror1/43199_left_h.tif
train_blood_mirror1/43339_left_h.tif   train_blood_mirror1/43339_left_h.tif
train_blood_mirror1/4497_right_h.tif   train_blood_mirror1/4497_right_h.tif
train_blood_mirror1/4781_left_h.tif    train_blood_mirror1/4781_left_h.tif
train_blood_mirror1/5047_left_h.tif    train_blood_mirror1/5047_left_h.tif
train_blood_mirror1/5063_right_h.tif   train_blood_mirror1/5063_right_h.tif
train_blood_mirror1/5457_left_h.tif    train_blood_mirror1/5457_left_h.tif
train_blood_mirror1/607_left_h.tif     train_blood_mirror1/607_left_h.tif
train_blood_mirror1/8769_right_h.tif   train_blood_mirror1/8769_right_h.tif
train_blood_mirror2/13308_right_h.tif  train_blood_mirror2/13308_right_h.tif
train_blood_mirror2/13819_right_h.tif  train_blood_mirror2/13819_right_h.tif
train_blood_mirror2/1639_right_h.tif   train_blood_mirror2/1639_right_h.tif
train_blood_mirror2/1663_left_h.tif    train_blood_mirror2/1663_left_h.tif
train_blood_mirror2/1663_right_h.tif   train_blood_mirror2/1663_right_h.tif
train_blood_mirror2/1743_left_h.tif    train_blood_mirror2/1743_left_h.tif
train_blood_mirror2/18465_left_h.tif   train_blood_mirror2/18465_left_h.tif
train_blood_mirror2/1873_right_h.tif   train_blood_mirror2/1873_right_h.tif
train_blood_mirror2/19367_right_h.tif  train_blood_mirror2/19367_right_h.tif
train_blood_mirror2/1965_right_h.tif   train_blood_mirror2/1965_right_h.tif
train_blood_mirror2/20478_right_h.tif  train_blood_mirror2/20478_right_h.tif
train_blood_mirror2/20905_right_h.tif  train_blood_mirror2/20905_right_h.tif
train_blood_mirror2/2094_left_h.tif    train_blood_mirror2/2094_left_h.tif
train_blood_mirror2/2168_left_h.tif    train_blood_mirror2/2168_left_h.tif
train_blood_mirror2/22132_left_h.tif   train_blood_mirror2/22132_left_h.tif
train_blood_mirror2/22160_right_h.tif  train_blood_mirror2/22160_right_h.tif
train_blood_mirror2/2233_right_h.tif   train_blood_mirror2/2233_right_h.tif
train_blood_mirror2/23538_left_h.tif   train_blood_mirror2/23538_left_h.tif
train_blood_mirror2/2804_right_h.tif   train_blood_mirror2/2804_right_h.tif
train_blood_mirror2/31196_left_h.tif   train_blood_mirror2/31196_left_h.tif
train_blood_mirror2/3265_right_h.tif   train_blood_mirror2/3265_right_h.tif
train_blood_mirror2/34453_right_h.tif  train_blood_mirror2/34453_right_h.tif
train_blood_mirror2/3682_right_h.tif   train_blood_mirror2/3682_right_h.tif
train_blood_mirror2/43199_left_h.tif   train_blood_mirror2/43199_left_h.tif
train_blood_mirror2/43339_left_h.tif   train_blood_mirror2/43339_left_h.tif
train_blood_mirror2/4497_right_h.tif   train_blood_mirror2/4497_right_h.tif
train_blood_mirror2/4781_left_h.tif    train_blood_mirror2/4781_left_h.tif
train_blood_mirror2/5047_left_h.tif    train_blood_mirror2/5047_left_h.tif
train_blood_mirror2/5063_right_h.tif   train_blood_mirror2/5063_right_h.tif
train_blood_mirror2/5457_left_h.tif    train_blood_mirror2/5457_left_h.tif
train_blood_mirror2/607_left_h.tif     train_blood_mirror2/607_left_h.tif
train_blood_mirror2/8769_right_h.tif   train_blood_mirror2/8769_right_h.tif
