train_raw/13308_right.jpg.tif     train_vessel/13308_right.jpg.tif
train_raw/13819_right.jpg.tif     train_vessel/13819_right.jpg.tif
train_raw/1639_right.jpg.tif      train_vessel/1639_right.jpg.tif
train_raw/1663_left.jpg.tif       train_vessel/1663_left.jpg.tif
train_raw/1663_right.jpg.tif      train_vessel/1663_right.jpg.tif
train_raw/1743_left_DR.jpg.tif    train_vessel/1743_left_DR.jpg.tif
train_raw/18465_left.jpg.tif      train_vessel/18465_left.jpg.tif
train_raw/1873_right_DR.jpg.tif   train_vessel/1873_right_DR.jpg.tif
train_raw/19367_right.jpg.tif     train_vessel/19367_right.jpg.tif
train_raw/1965_right.jpg.tif      train_vessel/1965_right.jpg.tif
train_raw/20478_right.jpg.tif     train_vessel/20478_right.jpg.tif
train_raw/20905_right.jpg.tif     train_vessel/20905_right.jpg.tif
train_raw/2094_left_DR.jpg.tif    train_vessel/2094_left_DR.jpg.tif
train_raw/2168_left_DR.jpg.tif    train_vessel/2168_left_DR.jpg.tif
train_raw/22132_left.jpg.tif      train_vessel/22132_left.jpg.tif
train_raw/22160_right.jpg.tif     train_vessel/22160_right.jpg.tif
train_raw/2233_right_DR.jpg.tif   train_vessel/2233_right_DR.jpg.tif
train_raw/23538_left_DR.jpg.tif   train_vessel/23538_left_DR.jpg.tif
train_raw/2804_right.jpg.tif      train_vessel/2804_right.jpg.tif
train_raw/31196_left.jpg.tif      train_vessel/31196_left.jpg.tif
train_raw/3265_right_DR.jpg.tif   train_vessel/3265_right_DR.jpg.tif
train_raw/34453_right.jpg.tif     train_vessel/34453_right.jpg.tif
train_raw/3682_right_DR-1.jpg.tif train_vessel/3682_right_DR-1.jpg.tif
train_raw/43199_left.jpg.tif      train_vessel/43199_left.jpg.tif
train_raw/43339_left.jpg.tif      train_vessel/43339_left.jpg.tif
train_raw/4497_right.jpg.tif      train_vessel/4497_right.jpg.tif
train_raw/4781_left_DR.jpg.tif    train_vessel/4781_left_DR.jpg.tif
train_raw/5047_left_DR.jpg.tif    train_vessel/5047_left_DR.jpg.tif
train_raw/5063_right_DR.jpg.tif   train_vessel/5063_right_DR.jpg.tif
train_raw/5457_left.jpg.tif       train_vessel/5457_left.jpg.tif
train_raw/607_left_DR.jpg.tif     train_vessel/607_left_DR.jpg.tif
train_raw/8769_right.jpg.tif      train_vessel/8769_right.jpg.tif
train_raw_90/13308_right.jpg.tif     train_vessel_90/13308_right.jpg.tif
train_raw_90/13819_right.jpg.tif     train_vessel_90/13819_right.jpg.tif
train_raw_90/1639_right.jpg.tif      train_vessel_90/1639_right.jpg.tif
train_raw_90/1663_left.jpg.tif       train_vessel_90/1663_left.jpg.tif
train_raw_90/1663_right.jpg.tif      train_vessel_90/1663_right.jpg.tif
train_raw_90/1743_left_DR.jpg.tif    train_vessel_90/1743_left_DR.jpg.tif
train_raw_90/18465_left.jpg.tif      train_vessel_90/18465_left.jpg.tif
train_raw_90/1873_right_DR.jpg.tif   train_vessel_90/1873_right_DR.jpg.tif
train_raw_90/19367_right.jpg.tif     train_vessel_90/19367_right.jpg.tif
train_raw_90/1965_right.jpg.tif      train_vessel_90/1965_right.jpg.tif
train_raw_90/20478_right.jpg.tif     train_vessel_90/20478_right.jpg.tif
train_raw_90/20905_right.jpg.tif     train_vessel_90/20905_right.jpg.tif
train_raw_90/2094_left_DR.jpg.tif    train_vessel_90/2094_left_DR.jpg.tif
train_raw_90/2168_left_DR.jpg.tif    train_vessel_90/2168_left_DR.jpg.tif
train_raw_90/22132_left.jpg.tif      train_vessel_90/22132_left.jpg.tif
train_raw_90/22160_right.jpg.tif     train_vessel_90/22160_right.jpg.tif
train_raw_90/2233_right_DR.jpg.tif   train_vessel_90/2233_right_DR.jpg.tif
train_raw_90/23538_left_DR.jpg.tif   train_vessel_90/23538_left_DR.jpg.tif
train_raw_90/2804_right.jpg.tif      train_vessel_90/2804_right.jpg.tif
train_raw_90/31196_left.jpg.tif      train_vessel_90/31196_left.jpg.tif
train_raw_90/3265_right_DR.jpg.tif   train_vessel_90/3265_right_DR.jpg.tif
train_raw_90/34453_right.jpg.tif     train_vessel_90/34453_right.jpg.tif
train_raw_90/3682_right_DR-1.jpg.tif train_vessel_90/3682_right_DR-1.jpg.tif
train_raw_90/43199_left.jpg.tif      train_vessel_90/43199_left.jpg.tif
train_raw_90/43339_left.jpg.tif      train_vessel_90/43339_left.jpg.tif
train_raw_90/4497_right.jpg.tif      train_vessel_90/4497_right.jpg.tif
train_raw_90/4781_left_DR.jpg.tif    train_vessel_90/4781_left_DR.jpg.tif
train_raw_90/5047_left_DR.jpg.tif    train_vessel_90/5047_left_DR.jpg.tif
train_raw_90/5063_right_DR.jpg.tif   train_vessel_90/5063_right_DR.jpg.tif
train_raw_90/5457_left.jpg.tif       train_vessel_90/5457_left.jpg.tif
train_raw_90/607_left_DR.jpg.tif     train_vessel_90/607_left_DR.jpg.tif
train_raw_90/8769_right.jpg.tif      train_vessel_90/8769_right.jpg.tif
train_raw_180/13308_right.jpg.tif     train_vessel_180/13308_right.jpg.tif
train_raw_180/13819_right.jpg.tif     train_vessel_180/13819_right.jpg.tif
train_raw_180/1639_right.jpg.tif      train_vessel_180/1639_right.jpg.tif
train_raw_180/1663_left.jpg.tif       train_vessel_180/1663_left.jpg.tif
train_raw_180/1663_right.jpg.tif      train_vessel_180/1663_right.jpg.tif
train_raw_180/1743_left_DR.jpg.tif    train_vessel_180/1743_left_DR.jpg.tif
train_raw_180/18465_left.jpg.tif      train_vessel_180/18465_left.jpg.tif
train_raw_180/1873_right_DR.jpg.tif   train_vessel_180/1873_right_DR.jpg.tif
train_raw_180/19367_right.jpg.tif     train_vessel_180/19367_right.jpg.tif
train_raw_180/1965_right.jpg.tif      train_vessel_180/1965_right.jpg.tif
train_raw_180/20478_right.jpg.tif     train_vessel_180/20478_right.jpg.tif
train_raw_180/20905_right.jpg.tif     train_vessel_180/20905_right.jpg.tif
train_raw_180/2094_left_DR.jpg.tif    train_vessel_180/2094_left_DR.jpg.tif
train_raw_180/2168_left_DR.jpg.tif    train_vessel_180/2168_left_DR.jpg.tif
train_raw_180/22132_left.jpg.tif      train_vessel_180/22132_left.jpg.tif
train_raw_180/22160_right.jpg.tif     train_vessel_180/22160_right.jpg.tif
train_raw_180/2233_right_DR.jpg.tif   train_vessel_180/2233_right_DR.jpg.tif
train_raw_180/23538_left_DR.jpg.tif   train_vessel_180/23538_left_DR.jpg.tif
train_raw_180/2804_right.jpg.tif      train_vessel_180/2804_right.jpg.tif
train_raw_180/31196_left.jpg.tif      train_vessel_180/31196_left.jpg.tif
train_raw_180/3265_right_DR.jpg.tif   train_vessel_180/3265_right_DR.jpg.tif
train_raw_180/34453_right.jpg.tif     train_vessel_180/34453_right.jpg.tif
train_raw_180/3682_right_DR-1.jpg.tif train_vessel_180/3682_right_DR-1.jpg.tif
train_raw_180/43199_left.jpg.tif      train_vessel_180/43199_left.jpg.tif
train_raw_180/43339_left.jpg.tif      train_vessel_180/43339_left.jpg.tif
train_raw_180/4497_right.jpg.tif      train_vessel_180/4497_right.jpg.tif
train_raw_180/4781_left_DR.jpg.tif    train_vessel_180/4781_left_DR.jpg.tif
train_raw_180/5047_left_DR.jpg.tif    train_vessel_180/5047_left_DR.jpg.tif
train_raw_180/5063_right_DR.jpg.tif   train_vessel_180/5063_right_DR.jpg.tif
train_raw_180/5457_left.jpg.tif       train_vessel_180/5457_left.jpg.tif
train_raw_180/607_left_DR.jpg.tif     train_vessel_180/607_left_DR.jpg.tif
train_raw_180/8769_right.jpg.tif      train_vessel_180/8769_right.jpg.tif
train_raw_270/13308_right.jpg.tif     train_vessel_270/13308_right.jpg.tif
train_raw_270/13819_right.jpg.tif     train_vessel_270/13819_right.jpg.tif
train_raw_270/1639_right.jpg.tif      train_vessel_270/1639_right.jpg.tif
train_raw_270/1663_left.jpg.tif       train_vessel_270/1663_left.jpg.tif
train_raw_270/1663_right.jpg.tif      train_vessel_270/1663_right.jpg.tif
train_raw_270/1743_left_DR.jpg.tif    train_vessel_270/1743_left_DR.jpg.tif
train_raw_270/18465_left.jpg.tif      train_vessel_270/18465_left.jpg.tif
train_raw_270/1873_right_DR.jpg.tif   train_vessel_270/1873_right_DR.jpg.tif
train_raw_270/19367_right.jpg.tif     train_vessel_270/19367_right.jpg.tif
train_raw_270/1965_right.jpg.tif      train_vessel_270/1965_right.jpg.tif
train_raw_270/20478_right.jpg.tif     train_vessel_270/20478_right.jpg.tif
train_raw_270/20905_right.jpg.tif     train_vessel_270/20905_right.jpg.tif
train_raw_270/2094_left_DR.jpg.tif    train_vessel_270/2094_left_DR.jpg.tif
train_raw_270/2168_left_DR.jpg.tif    train_vessel_270/2168_left_DR.jpg.tif
train_raw_270/22132_left.jpg.tif      train_vessel_270/22132_left.jpg.tif
train_raw_270/22160_right.jpg.tif     train_vessel_270/22160_right.jpg.tif
train_raw_270/2233_right_DR.jpg.tif   train_vessel_270/2233_right_DR.jpg.tif
train_raw_270/23538_left_DR.jpg.tif   train_vessel_270/23538_left_DR.jpg.tif
train_raw_270/2804_right.jpg.tif      train_vessel_270/2804_right.jpg.tif
train_raw_270/31196_left.jpg.tif      train_vessel_270/31196_left.jpg.tif
train_raw_270/3265_right_DR.jpg.tif   train_vessel_270/3265_right_DR.jpg.tif
train_raw_270/34453_right.jpg.tif     train_vessel_270/34453_right.jpg.tif
train_raw_270/3682_right_DR-1.jpg.tif train_vessel_270/3682_right_DR-1.jpg.tif
train_raw_270/43199_left.jpg.tif      train_vessel_270/43199_left.jpg.tif
train_raw_270/43339_left.jpg.tif      train_vessel_270/43339_left.jpg.tif
train_raw_270/4497_right.jpg.tif      train_vessel_270/4497_right.jpg.tif
train_raw_270/4781_left_DR.jpg.tif    train_vessel_270/4781_left_DR.jpg.tif
train_raw_270/5047_left_DR.jpg.tif    train_vessel_270/5047_left_DR.jpg.tif
train_raw_270/5063_right_DR.jpg.tif   train_vessel_270/5063_right_DR.jpg.tif
train_raw_270/5457_left.jpg.tif       train_vessel_270/5457_left.jpg.tif
train_raw_270/607_left_DR.jpg.tif     train_vessel_270/607_left_DR.jpg.tif
train_raw_270/8769_right.jpg.tif      train_vessel_270/8769_right.jpg.tif
train_raw_mirror1/13308_right.jpg.tif     train_vessel_mirror1/13308_right.jpg.tif
train_raw_mirror1/13819_right.jpg.tif     train_vessel_mirror1/13819_right.jpg.tif
train_raw_mirror1/1639_right.jpg.tif      train_vessel_mirror1/1639_right.jpg.tif
train_raw_mirror1/1663_left.jpg.tif       train_vessel_mirror1/1663_left.jpg.tif
train_raw_mirror1/1663_right.jpg.tif      train_vessel_mirror1/1663_right.jpg.tif
train_raw_mirror1/1743_left_DR.jpg.tif    train_vessel_mirror1/1743_left_DR.jpg.tif
train_raw_mirror1/18465_left.jpg.tif      train_vessel_mirror1/18465_left.jpg.tif
train_raw_mirror1/1873_right_DR.jpg.tif   train_vessel_mirror1/1873_right_DR.jpg.tif
train_raw_mirror1/19367_right.jpg.tif     train_vessel_mirror1/19367_right.jpg.tif
train_raw_mirror1/1965_right.jpg.tif      train_vessel_mirror1/1965_right.jpg.tif
train_raw_mirror1/20478_right.jpg.tif     train_vessel_mirror1/20478_right.jpg.tif
train_raw_mirror1/20905_right.jpg.tif     train_vessel_mirror1/20905_right.jpg.tif
train_raw_mirror1/2094_left_DR.jpg.tif    train_vessel_mirror1/2094_left_DR.jpg.tif
train_raw_mirror1/2168_left_DR.jpg.tif    train_vessel_mirror1/2168_left_DR.jpg.tif
train_raw_mirror1/22132_left.jpg.tif      train_vessel_mirror1/22132_left.jpg.tif
train_raw_mirror1/22160_right.jpg.tif     train_vessel_mirror1/22160_right.jpg.tif
train_raw_mirror1/2233_right_DR.jpg.tif   train_vessel_mirror1/2233_right_DR.jpg.tif
train_raw_mirror1/23538_left_DR.jpg.tif   train_vessel_mirror1/23538_left_DR.jpg.tif
train_raw_mirror1/2804_right.jpg.tif      train_vessel_mirror1/2804_right.jpg.tif
train_raw_mirror1/31196_left.jpg.tif      train_vessel_mirror1/31196_left.jpg.tif
train_raw_mirror1/3265_right_DR.jpg.tif   train_vessel_mirror1/3265_right_DR.jpg.tif
train_raw_mirror1/34453_right.jpg.tif     train_vessel_mirror1/34453_right.jpg.tif
train_raw_mirror1/3682_right_DR-1.jpg.tif train_vessel_mirror1/3682_right_DR-1.jpg.tif
train_raw_mirror1/43199_left.jpg.tif      train_vessel_mirror1/43199_left.jpg.tif
train_raw_mirror1/43339_left.jpg.tif      train_vessel_mirror1/43339_left.jpg.tif
train_raw_mirror1/4497_right.jpg.tif      train_vessel_mirror1/4497_right.jpg.tif
train_raw_mirror1/4781_left_DR.jpg.tif    train_vessel_mirror1/4781_left_DR.jpg.tif
train_raw_mirror1/5047_left_DR.jpg.tif    train_vessel_mirror1/5047_left_DR.jpg.tif
train_raw_mirror1/5063_right_DR.jpg.tif   train_vessel_mirror1/5063_right_DR.jpg.tif
train_raw_mirror1/5457_left.jpg.tif       train_vessel_mirror1/5457_left.jpg.tif
train_raw_mirror1/607_left_DR.jpg.tif     train_vessel_mirror1/607_left_DR.jpg.tif
train_raw_mirror1/8769_right.jpg.tif      train_vessel_mirror1/8769_right.jpg.tif
train_raw_mirror2/13308_right.jpg.tif     train_vessel_mirror2/13308_right.jpg.tif
train_raw_mirror2/13819_right.jpg.tif     train_vessel_mirror2/13819_right.jpg.tif
train_raw_mirror2/1639_right.jpg.tif      train_vessel_mirror2/1639_right.jpg.tif
train_raw_mirror2/1663_left.jpg.tif       train_vessel_mirror2/1663_left.jpg.tif
train_raw_mirror2/1663_right.jpg.tif      train_vessel_mirror2/1663_right.jpg.tif
train_raw_mirror2/1743_left_DR.jpg.tif    train_vessel_mirror2/1743_left_DR.jpg.tif
train_raw_mirror2/18465_left.jpg.tif      train_vessel_mirror2/18465_left.jpg.tif
train_raw_mirror2/1873_right_DR.jpg.tif   train_vessel_mirror2/1873_right_DR.jpg.tif
train_raw_mirror2/19367_right.jpg.tif     train_vessel_mirror2/19367_right.jpg.tif
train_raw_mirror2/1965_right.jpg.tif      train_vessel_mirror2/1965_right.jpg.tif
train_raw_mirror2/20478_right.jpg.tif     train_vessel_mirror2/20478_right.jpg.tif
train_raw_mirror2/20905_right.jpg.tif     train_vessel_mirror2/20905_right.jpg.tif
train_raw_mirror2/2094_left_DR.jpg.tif    train_vessel_mirror2/2094_left_DR.jpg.tif
train_raw_mirror2/2168_left_DR.jpg.tif    train_vessel_mirror2/2168_left_DR.jpg.tif
train_raw_mirror2/22132_left.jpg.tif      train_vessel_mirror2/22132_left.jpg.tif
train_raw_mirror2/22160_right.jpg.tif     train_vessel_mirror2/22160_right.jpg.tif
train_raw_mirror2/2233_right_DR.jpg.tif   train_vessel_mirror2/2233_right_DR.jpg.tif
train_raw_mirror2/23538_left_DR.jpg.tif   train_vessel_mirror2/23538_left_DR.jpg.tif
train_raw_mirror2/2804_right.jpg.tif      train_vessel_mirror2/2804_right.jpg.tif
train_raw_mirror2/31196_left.jpg.tif      train_vessel_mirror2/31196_left.jpg.tif
train_raw_mirror2/3265_right_DR.jpg.tif   train_vessel_mirror2/3265_right_DR.jpg.tif
train_raw_mirror2/34453_right.jpg.tif     train_vessel_mirror2/34453_right.jpg.tif
train_raw_mirror2/3682_right_DR-1.jpg.tif train_vessel_mirror2/3682_right_DR-1.jpg.tif
train_raw_mirror2/43199_left.jpg.tif      train_vessel_mirror2/43199_left.jpg.tif
train_raw_mirror2/43339_left.jpg.tif      train_vessel_mirror2/43339_left.jpg.tif
train_raw_mirror2/4497_right.jpg.tif      train_vessel_mirror2/4497_right.jpg.tif
train_raw_mirror2/4781_left_DR.jpg.tif    train_vessel_mirror2/4781_left_DR.jpg.tif
train_raw_mirror2/5047_left_DR.jpg.tif    train_vessel_mirror2/5047_left_DR.jpg.tif
train_raw_mirror2/5063_right_DR.jpg.tif   train_vessel_mirror2/5063_right_DR.jpg.tif
train_raw_mirror2/5457_left.jpg.tif       train_vessel_mirror2/5457_left.jpg.tif
train_raw_mirror2/607_left_DR.jpg.tif     train_vessel_mirror2/607_left_DR.jpg.tif
train_raw_mirror2/8769_right.jpg.tif      train_vessel_mirror2/8769_right.jpg.tif
